// Jest Snapshot v1, https://goo.gl/fbAQLP

exports[`login/actions should create action LOGIN_ACTION 1`] = `
Object {
  "payload": 1,
  "type": "LOGIN_ACTION",
}
`;
