// Jest Snapshot v1, https://goo.gl/fbAQLP

exports[`state should return initial state 1`] = `
Object {
  "error": false,
  "loading": false,
  "player": null,
}
`;
